Report time       : Thu Dec 19 05:31:56 SEAST 2024.
Solution          : tradeoff_balance.
Simulation tool   : xsim.

+----------+----------+-----------------------------------------------+-----------------------------------------------+
|          |          |                    Latency                    |                    Interval                   |
+   RTL    +  Status  +-----------------------------------------------+-----------------------------------------------+
|          |          |      min      |      avg      |      max      |      min      |      avg      |      max      |
+----------+----------+-----------------------------------------------+-----------------------------------------------+
|      VHDL|        NA|             NA|             NA|             NA|             NA|             NA|             NA|
|   Verilog|      Pass|            100|            100|            100|             NA|             NA|             NA|
+----------+----------+-----------------------------------------------+-----------------------------------------------+
